================================================================================
Test case: p := F. Predicate is empty set.
================================================================================
-- STRING ----------------------------------------------------------------------
PacketSetHandle<empty>:
-- DOT -------------------------------------------------------------------------
digraph {
  node [fontsize = 14]
  edge [fontsize = 12]
  4294967295 [label="F" shape=box]
}
================================================================================
Test case: p := T. Predicate is fullset.
================================================================================
-- STRING ----------------------------------------------------------------------
PacketSetHandle<full>:
-- DOT -------------------------------------------------------------------------
digraph {
  node [fontsize = 14]
  edge [fontsize = 12]
  4294967294 [label="T" shape=box]
}
================================================================================
Test case: p := (a=3 && b=4) || (b!=5 && c=5). Example from Katch paper Fig 3.
================================================================================
-- STRING ----------------------------------------------------------------------
PacketSetHandle<14>:
  PacketFieldHandle<0>:'a' == 3 -> PacketSetHandle<13>
  PacketFieldHandle<0>:'a' == * -> PacketSetHandle<6>
PacketSetHandle<13>:
  PacketFieldHandle<1>:'b' == 4 -> PacketSetHandle<full>
  PacketFieldHandle<1>:'b' == 5 -> PacketSetHandle<empty>
  PacketFieldHandle<1>:'b' == * -> PacketSetHandle<5>
PacketSetHandle<6>:
  PacketFieldHandle<1>:'b' == 5 -> PacketSetHandle<empty>
  PacketFieldHandle<1>:'b' == * -> PacketSetHandle<5>
PacketSetHandle<5>:
  PacketFieldHandle<2>:'c' == 5 -> PacketSetHandle<full>
  PacketFieldHandle<2>:'c' == * -> PacketSetHandle<empty>
-- DOT -------------------------------------------------------------------------
digraph {
  node [fontsize = 14]
  edge [fontsize = 12]
  4294967294 [label="T" shape=box]
  4294967295 [label="F" shape=box]
  14 [label="a"]
  14 -> 13 [label="3"]
  14 -> 6 [style=dashed]
  13 [label="b"]
  13 -> 4294967294 [label="4"]
  13 -> 4294967295 [label="5"]
  13 -> 5 [style=dashed]
  6 [label="b"]
  6 -> 4294967295 [label="5"]
  6 -> 5 [style=dashed]
  5 [label="c"]
  5 -> 4294967294 [label="5"]
  5 -> 4294967295 [style=dashed]
}
-- URL -------------------------------------------------------------------------
https://dreampuf.github.io/GraphvizOnline/?engine=dot#digraph%20%7B%0A%20%204294967294%20%5Blabel%3D%22T%22%20shape%3Dbox%5D%0A%20%204294967295%20%5Blabel%3D%22F%22%20shape%3Dbox%5D%0A%20%2014%20%5Blabel%3D%22a%22%5D%0A%20%2014%20-%3E%2013%20%5Blabel%3D%223%22%5D%0A%20%2014%20-%3E%206%20%5Bstyle%3Ddashed%5D%0A%20%2013%20%5Blabel%3D%22b%22%5D%0A%20%2013%20-%3E%204294967294%20%5Blabel%3D%224%22%5D%0A%20%2013%20-%3E%204294967295%20%5Blabel%3D%225%22%5D%0A%20%2013%20-%3E%205%20%5Bstyle%3Ddashed%5D%0A%20%206%20%5Blabel%3D%22b%22%5D%0A%20%206%20-%3E%204294967295%20%5Blabel%3D%225%22%5D%0A%20%206%20-%3E%205%20%5Bstyle%3Ddashed%5D%0A%20%205%20%5Blabel%3D%22c%22%5D%0A%20%205%20-%3E%204294967294%20%5Blabel%3D%225%22%5D%0A%20%205%20-%3E%204294967295%20%5Bstyle%3Ddashed%5D%0A%7D
================================================================================
Test case: q := (b=3 && c=4) || (a=5 && c!=5). Example from Katch paper Fig 3.
================================================================================
-- STRING ----------------------------------------------------------------------
PacketSetHandle<24>:
  PacketFieldHandle<0>:'a' == 5 -> PacketSetHandle<9>
  PacketFieldHandle<0>:'a' == * -> PacketSetHandle<17>
PacketSetHandle<9>:
  PacketFieldHandle<2>:'c' == 5 -> PacketSetHandle<empty>
  PacketFieldHandle<2>:'c' == * -> PacketSetHandle<full>
PacketSetHandle<17>:
  PacketFieldHandle<1>:'b' == 3 -> PacketSetHandle<16>
  PacketFieldHandle<1>:'b' == * -> PacketSetHandle<empty>
PacketSetHandle<16>:
  PacketFieldHandle<2>:'c' == 4 -> PacketSetHandle<full>
  PacketFieldHandle<2>:'c' == * -> PacketSetHandle<empty>
-- DOT -------------------------------------------------------------------------
digraph {
  node [fontsize = 14]
  edge [fontsize = 12]
  4294967294 [label="T" shape=box]
  4294967295 [label="F" shape=box]
  24 [label="a"]
  24 -> 9 [label="5"]
  24 -> 17 [style=dashed]
  9 [label="c"]
  9 -> 4294967295 [label="5"]
  9 -> 4294967294 [style=dashed]
  17 [label="b"]
  17 -> 16 [label="3"]
  17 -> 4294967295 [style=dashed]
  16 [label="c"]
  16 -> 4294967294 [label="4"]
  16 -> 4294967295 [style=dashed]
}
-- URL -------------------------------------------------------------------------
https://dreampuf.github.io/GraphvizOnline/?engine=dot#digraph%20%7B%0A%20%204294967294%20%5Blabel%3D%22T%22%20shape%3Dbox%5D%0A%20%204294967295%20%5Blabel%3D%22F%22%20shape%3Dbox%5D%0A%20%2024%20%5Blabel%3D%22a%22%5D%0A%20%2024%20-%3E%209%20%5Blabel%3D%225%22%5D%0A%20%2024%20-%3E%2017%20%5Bstyle%3Ddashed%5D%0A%20%209%20%5Blabel%3D%22c%22%5D%0A%20%209%20-%3E%204294967295%20%5Blabel%3D%225%22%5D%0A%20%209%20-%3E%204294967294%20%5Bstyle%3Ddashed%5D%0A%20%2017%20%5Blabel%3D%22b%22%5D%0A%20%2017%20-%3E%2016%20%5Blabel%3D%223%22%5D%0A%20%2017%20-%3E%204294967295%20%5Bstyle%3Ddashed%5D%0A%20%2016%20%5Blabel%3D%22c%22%5D%0A%20%2016%20-%3E%204294967294%20%5Blabel%3D%224%22%5D%0A%20%2016%20-%3E%204294967295%20%5Bstyle%3Ddashed%5D%0A%7D
================================================================================
Test case: p + q. Example from Katch paper Fig 3.
================================================================================
-- STRING ----------------------------------------------------------------------
PacketSetHandle<34>:
  PacketFieldHandle<0>:'a' == 3 -> PacketSetHandle<32>
  PacketFieldHandle<0>:'a' == 5 -> PacketSetHandle<33>
  PacketFieldHandle<0>:'a' == * -> PacketSetHandle<31>
PacketSetHandle<32>:
  PacketFieldHandle<1>:'b' == 3 -> PacketSetHandle<30>
  PacketFieldHandle<1>:'b' == 4 -> PacketSetHandle<full>
  PacketFieldHandle<1>:'b' == 5 -> PacketSetHandle<empty>
  PacketFieldHandle<1>:'b' == * -> PacketSetHandle<5>
PacketSetHandle<33>:
  PacketFieldHandle<1>:'b' == 5 -> PacketSetHandle<9>
  PacketFieldHandle<1>:'b' == * -> PacketSetHandle<full>
PacketSetHandle<31>:
  PacketFieldHandle<1>:'b' == 3 -> PacketSetHandle<30>
  PacketFieldHandle<1>:'b' == 5 -> PacketSetHandle<empty>
  PacketFieldHandle<1>:'b' == * -> PacketSetHandle<5>
PacketSetHandle<30>:
  PacketFieldHandle<2>:'c' == 4 -> PacketSetHandle<full>
  PacketFieldHandle<2>:'c' == 5 -> PacketSetHandle<full>
  PacketFieldHandle<2>:'c' == * -> PacketSetHandle<empty>
PacketSetHandle<5>:
  PacketFieldHandle<2>:'c' == 5 -> PacketSetHandle<full>
  PacketFieldHandle<2>:'c' == * -> PacketSetHandle<empty>
PacketSetHandle<9>:
  PacketFieldHandle<2>:'c' == 5 -> PacketSetHandle<empty>
  PacketFieldHandle<2>:'c' == * -> PacketSetHandle<full>
-- DOT -------------------------------------------------------------------------
digraph {
  node [fontsize = 14]
  edge [fontsize = 12]
  4294967294 [label="T" shape=box]
  4294967295 [label="F" shape=box]
  34 [label="a"]
  34 -> 32 [label="3"]
  34 -> 33 [label="5"]
  34 -> 31 [style=dashed]
  32 [label="b"]
  32 -> 30 [label="3"]
  32 -> 4294967294 [label="4"]
  32 -> 4294967295 [label="5"]
  32 -> 5 [style=dashed]
  33 [label="b"]
  33 -> 9 [label="5"]
  33 -> 4294967294 [style=dashed]
  31 [label="b"]
  31 -> 30 [label="3"]
  31 -> 4294967295 [label="5"]
  31 -> 5 [style=dashed]
  30 [label="c"]
  30 -> 4294967294 [label="4"]
  30 -> 4294967294 [label="5"]
  30 -> 4294967295 [style=dashed]
  5 [label="c"]
  5 -> 4294967294 [label="5"]
  5 -> 4294967295 [style=dashed]
  9 [label="c"]
  9 -> 4294967295 [label="5"]
  9 -> 4294967294 [style=dashed]
}
-- URL -------------------------------------------------------------------------
https://dreampuf.github.io/GraphvizOnline/?engine=dot#digraph%20%7B%0A%20%204294967294%20%5Blabel%3D%22T%22%20shape%3Dbox%5D%0A%20%204294967295%20%5Blabel%3D%22F%22%20shape%3Dbox%5D%0A%20%2034%20%5Blabel%3D%22a%22%5D%0A%20%2034%20-%3E%2032%20%5Blabel%3D%223%22%5D%0A%20%2034%20-%3E%2033%20%5Blabel%3D%225%22%5D%0A%20%2034%20-%3E%2031%20%5Bstyle%3Ddashed%5D%0A%20%2032%20%5Blabel%3D%22b%22%5D%0A%20%2032%20-%3E%2030%20%5Blabel%3D%223%22%5D%0A%20%2032%20-%3E%204294967294%20%5Blabel%3D%224%22%5D%0A%20%2032%20-%3E%204294967295%20%5Blabel%3D%225%22%5D%0A%20%2032%20-%3E%205%20%5Bstyle%3Ddashed%5D%0A%20%2033%20%5Blabel%3D%22b%22%5D%0A%20%2033%20-%3E%209%20%5Blabel%3D%225%22%5D%0A%20%2033%20-%3E%204294967294%20%5Bstyle%3Ddashed%5D%0A%20%2031%20%5Blabel%3D%22b%22%5D%0A%20%2031%20-%3E%2030%20%5Blabel%3D%223%22%5D%0A%20%2031%20-%3E%204294967295%20%5Blabel%3D%225%22%5D%0A%20%2031%20-%3E%205%20%5Bstyle%3Ddashed%5D%0A%20%2030%20%5Blabel%3D%22c%22%5D%0A%20%2030%20-%3E%204294967294%20%5Blabel%3D%224%22%5D%0A%20%2030%20-%3E%204294967294%20%5Blabel%3D%225%22%5D%0A%20%2030%20-%3E%204294967295%20%5Bstyle%3Ddashed%5D%0A%20%205%20%5Blabel%3D%22c%22%5D%0A%20%205%20-%3E%204294967294%20%5Blabel%3D%225%22%5D%0A%20%205%20-%3E%204294967295%20%5Bstyle%3Ddashed%5D%0A%20%209%20%5Blabel%3D%22c%22%5D%0A%20%209%20-%3E%204294967295%20%5Blabel%3D%225%22%5D%0A%20%209%20-%3E%204294967294%20%5Bstyle%3Ddashed%5D%0A%7D
